// Jest Snapshot v1, https://goo.gl/fbAQLP

exports[`snapshot DefaultComponent snapshot 1`] = `
<h1
  className="welcome-text"
>
  Welcome to the Taskie app!
</h1>
`;
